root@Ubuntu-2204-jammy-amd64-base /home/kgorna/DuckeeGO # cat config3.json 
{
    "ProjectPath": "/home/kgorna/zorya-evaluation/vuln-3_assign-to-nil-map/tinygo_assign-to-nil-map/",
    "Package": "main",
    "ConfigData": [
        {
            "FilePath": "main.go",
            "Functions": [
                {
                    "Name": "nilMapPanic",
                    "Object": "nil",
                    "Input": [],
                    "Output": []
                },
                {
                    "Name": "main",
                    "Object": "nil",
                    "Input": [],
                    "Output": []
                }
            ]
        }
    ]
}
root@Ubuntu-2204-jammy-amd64-base /home/kgorna/DuckeeGO # bash src/run.sh ../config3.json
root@Ubuntu-2204-jammy-amd64-base /home/kgorna/DuckeeGO # cd src/tmp/DuckieConcolic/ && ls
go.mod  main.go
root@Ubuntu-2204-jammy-amd64-base /home/kgorna/DuckeeGO/src/tmp/DuckieConcolic # cat main.go 
package main

import "concolicTypes"
import "reflect"

type Handler struct {
}

func main() {
	h := new(Handler)
	method := reflect.ValueOf(h).MethodByName("InstrumentedMainMethod")
	concolicTypes.ConcolicExec(method, 100)
}
root@Ubuntu-2204-jammy-amd64-base /home/kgorna/DuckeeGO/src/tmp/DuckieConcolic # cta go.mod 
Command 'cta' not found, did you mean:
  command 'cat' from deb coreutils (8.32-4.1ubuntu1.2)
  command 'sta' from deb opensta (0~20191111gitc018cb2+dfsg-1build1)
  command 'ctr' from deb containerd (1.7.12-0ubuntu2~22.04.1)
  command 'cba' from deb cba (0.3.6-5build1)
  command 'eta' from deb eta (1.0.1-1)
Try: apt install <deb name>
root@Ubuntu-2204-jammy-amd64-base /home/kgorna/DuckeeGO/src/tmp/DuckieConcolic # cat go.mod 
module tinygo_assign-to-nil-map

go 1.22.4
root@Ubuntu-2204-jammy-amd64-base /home/kgorna/DuckeeGO/src/tmp/DuckieConcolic # nano go.mod 
root@Ubuntu-2204-jammy-amd64-base /home/kgorna/DuckeeGO/src/tmp/DuckieConcolic # cat go.mod 
module tinygo_assign-to-nil-map

go 1.20

replace concolicTypes => ../../concolicTypes

root@Ubuntu-2204-jammy-amd64-base /home/kgorna/DuckeeGO/src/tmp/DuckieConcolic # go mod tidy
go: found concolicTypes in concolicTypes v0.0.0-00010101000000-000000000000
root@Ubuntu-2204-jammy-amd64-base /home/kgorna/DuckeeGO/src/tmp/DuckieConcolic # go build main.go
root@Ubuntu-2204-jammy-amd64-base /home/kgorna/DuckeeGO/src/tmp/DuckieConcolic # ./main 
panic: reflect: call of reflect.Value.Call on zero Value

goroutine 1 [running]:
reflect.flag.mustBe(...)
	/usr/local/go/src/reflect/value.go:223
reflect.Value.Call({0x0?, 0x0?, 0xffffffffffffff01?}, {0xc0000add70?, 0x538547?, 0xc000016090?})
	/usr/local/go/src/reflect/value.go:368 +0x118
concolicTypes.concolicExecInput({0x0?, 0x0?, 0x7f592fbfdfc8?}, 0x7f592fbf5108?)
	/home/kgorna/DuckeeGO/src/concolicTypes/concolicExec.go:40 +0x105
concolicTypes.ConcolicExec({0x0?, 0x0?, 0x53ef5d?}, 0x64)
	/home/kgorna/DuckeeGO/src/concolicTypes/concolicExec.go:96 +0x2b7
main.main()
	/home/kgorna/DuckeeGO/src/tmp/DuckieConcolic/main.go:12 +0xd6
root@Ubuntu-2204-jammy-amd64-base /home/kgorna/DuckeeGO/src/tmp/DuckieConcolic # 
